// Jest Snapshot v1, https://goo.gl/fbAQLP

exports[`should render add expense page 1`] = `
<div>
  <p>
    This is from Expense Page
  </p>
  <ExpenseForm
    buttonName="Add Expense"
    onSubmit={[Function]}
  />
</div>
`;
