// Jest Snapshot v1, https://goo.gl/fbAQLP

exports[`should render ExpenseList with expenses 1`] = `
<div>
  <h1>
    Expense List component
  </h1>
  <ExpenseListItem
    amount={12}
    createdAt={0}
    description="Gum"
    dispatch={true}
    id="1"
    key="1"
  />
  <ExpenseListItem
    amount={500}
    createdAt={-345600000}
    description="Rent"
    dispatch={true}
    id="2"
    key="2"
  />
  <ExpenseListItem
    amount={300}
    createdAt={345600000}
    description="Water bill"
    dispatch={true}
    id="3"
    key="3"
  />
</div>
`;

exports[`should render ExpenseList without expenses 1`] = `
<div>
  <h1>
    Expense List component
  </h1>
  <p>
    No expenses yet! Please add some
  </p>
</div>
`;
