// Jest Snapshot v1, https://goo.gl/fbAQLP

exports[`should render expense dashboard correctly 1`] = `
<div>
  <h1>
    ERROR 404
  </h1>
  <Link
    replace={false}
    to="/"
  >
     Go Home 
  </Link>
</div>
`;
